[debug] [2025-03-17T23:36:51.631Z] ----------------------------------------------------------------------
[debug] [2025-03-17T23:36:51.633Z] Command:       C:\Program Files\nodejs\node.exe C:\Program Files\nodejs\node_modules\firebase-tools\lib\bin\firebase.js emulators:start --only functions
[debug] [2025-03-17T23:36:51.634Z] CLI Version:   13.34.0
[debug] [2025-03-17T23:36:51.634Z] Platform:      win32
[debug] [2025-03-17T23:36:51.634Z] Node Version:  v18.20.3
[debug] [2025-03-17T23:36:51.635Z] Time:          Mon Mar 17 2025 16:36:51 GMT-0700 (Pacific Daylight Time)
[debug] [2025-03-17T23:36:51.636Z] ----------------------------------------------------------------------
[debug] 
[debug] [2025-03-17T23:36:51.962Z] > command requires scopes: ["email","openid","https://www.googleapis.com/auth/cloudplatformprojects.readonly","https://www.googleapis.com/auth/firebase","https://www.googleapis.com/auth/cloud-platform"]
[debug] [2025-03-17T23:36:51.963Z] > authorizing via signed-in user (quangiap1711@gmail.com)
[info] i  emulators: Starting emulators: functions {"metadata":{"emulator":{"name":"hub"},"message":"Starting emulators: functions"}}
[debug] [2025-03-17T23:36:51.975Z] [logging] Logging Emulator only supports listening on one address (127.0.0.1). Not listening on ::1
[debug] [2025-03-17T23:36:51.976Z] assigned listening specs for emulators {"user":{"hub":[{"address":"127.0.0.1","family":"IPv4","port":4400},{"address":"::1","family":"IPv6","port":4400}],"ui":[{"address":"127.0.0.1","family":"IPv4","port":4000},{"address":"::1","family":"IPv6","port":4000}],"logging":[{"address":"127.0.0.1","family":"IPv4","port":4500}]},"metadata":{"message":"assigned listening specs for emulators"}}
[debug] [2025-03-17T23:36:51.982Z] [hub] writing locator at C:\Users\quang\AppData\Local\Temp\hub-foogle-612c9.json
[debug] [2025-03-17T23:36:52.009Z] [functions] Functions Emulator only supports listening on one address (127.0.0.1). Not listening on ::1
[debug] [2025-03-17T23:36:52.009Z] [eventarc] Eventarc Emulator only supports listening on one address (127.0.0.1). Not listening on ::1
[debug] [2025-03-17T23:36:52.009Z] [tasks] Cloud Tasks Emulator only supports listening on one address (127.0.0.1). Not listening on ::1
[debug] [2025-03-17T23:36:52.010Z] late-assigned ports for functions and eventarc emulators {"user":{"hub":[{"address":"127.0.0.1","family":"IPv4","port":4400},{"address":"::1","family":"IPv6","port":4400}],"ui":[{"address":"127.0.0.1","family":"IPv4","port":4000},{"address":"::1","family":"IPv6","port":4000}],"logging":[{"address":"127.0.0.1","family":"IPv4","port":4500}],"functions":[{"address":"127.0.0.1","family":"IPv4","port":5001}],"eventarc":[{"address":"127.0.0.1","family":"IPv4","port":9299}],"tasks":[{"address":"127.0.0.1","family":"IPv4","port":9499}]},"metadata":{"message":"late-assigned ports for functions and eventarc emulators"}}
[warn] !  functions: The following emulators are not running, calls to these services from the Functions emulator will affect production: apphosting, auth, firestore, database, hosting, pubsub, storage, dataconnect {"metadata":{"emulator":{"name":"functions"},"message":"The following emulators are not running, calls to these services from the Functions emulator will affect production: \u001b[1mapphosting, auth, firestore, database, hosting, pubsub, storage, dataconnect\u001b[22m"}}
[debug] [2025-03-17T23:36:52.014Z] defaultcredentials: writing to file C:\Users\quang\AppData\Roaming\firebase\quangiap1711_gmail_com_application_default_credentials.json
[debug] [2025-03-17T23:36:52.017Z] Setting GAC to C:\Users\quang\AppData\Roaming\firebase\quangiap1711_gmail_com_application_default_credentials.json {"metadata":{"emulator":{"name":"functions"},"message":"Setting GAC to C:\\Users\\quang\\AppData\\Roaming\\firebase\\quangiap1711_gmail_com_application_default_credentials.json"}}
[debug] [2025-03-17T23:36:52.019Z] Checked if tokens are valid: true, expires at: 1742257412330
[debug] [2025-03-17T23:36:52.019Z] Checked if tokens are valid: true, expires at: 1742257412330
[debug] [2025-03-17T23:36:52.021Z] >>> [apiv2][query] GET https://firebase.googleapis.com/v1beta1/projects/foogle-612c9/adminSdkConfig [none]
[debug] [2025-03-17T23:36:52.461Z] <<< [apiv2][status] GET https://firebase.googleapis.com/v1beta1/projects/foogle-612c9/adminSdkConfig 200
[debug] [2025-03-17T23:36:52.462Z] <<< [apiv2][body] GET https://firebase.googleapis.com/v1beta1/projects/foogle-612c9/adminSdkConfig {"projectId":"foogle-612c9","databaseURL":"https://foogle-612c9-default-rtdb.firebaseio.com","storageBucket":"foogle-612c9.firebasestorage.app"}
[info] i  functions: Watching "C:\Users\quang\Documents\GitHub\Foogle-Discovery\foogle-discovery\functions" for Cloud Functions... {"metadata":{"emulator":{"name":"functions"},"message":"Watching \"C:\\Users\\quang\\Documents\\GitHub\\Foogle-Discovery\\foogle-discovery\\functions\" for Cloud Functions..."}}
[debug] [2025-03-17T23:36:52.496Z] Validating nodejs source
[debug] [2025-03-17T23:36:53.573Z] > [functions] package.json contents: {
  "name": "functions",
  "scripts": {
    "build": "tsc",
    "build:watch": "tsc --watch",
    "serve": "npm run build && firebase emulators:start --only functions",
    "shell": "npm run build && firebase functions:shell",
    "start": "npm run shell",
    "deploy": "firebase deploy --only functions",
    "logs": "firebase functions:log"
  },
  "engines": {
    "node": "18"
  },
  "main": "lib/index.js",
  "dependencies": {
    "@google-cloud/storage": "^7.15.2",
    "axios": "^1.6.0",
    "bcrypt": "^5.1.1",
    "cors": "^2.8.5",
    "dotenv": "^16.4.7",
    "express": "^4.18.2",
    "express-fileupload": "^1.5.1",
    "firebase-admin": "^12.6.0",
    "firebase-functions": "^6.0.1"
  },
  "devDependencies": {
    "@types/bcrypt": "^5.0.2",
    "@types/express-fileupload": "^1.5.1",
    "firebase-functions-test": "^3.1.0",
    "typescript": "^4.9.0"
  },
  "include": [
    "src/**/*.ts"
  ],
  "exclude": [
    "node_modules"
  ],
  "private": true
}
[debug] [2025-03-17T23:36:53.574Z] Building nodejs source
[debug] [2025-03-17T23:36:53.574Z] Failed to find version of module node: reached end of search path C:\Users\quang\Documents\GitHub\Foogle-Discovery\foogle-discovery\functions\node_modules
[info] +  functions: Using node@18 from host. 
[debug] [2025-03-17T23:36:53.578Z] Could not find functions.yaml. Must use http discovery
[debug] [2025-03-17T23:36:53.585Z] Found firebase-functions binary at 'C:\Users\quang\Documents\GitHub\Foogle-Discovery\foogle-discovery\functions\node_modules\.bin\firebase-functions'
[info] Serving at port 8821

[debug] [2025-03-17T23:36:54.761Z] Got response from /__/functions.yaml {"endpoints":{"api":{"availableMemoryMb":null,"timeoutSeconds":null,"minInstances":null,"maxInstances":null,"ingressSettings":null,"concurrency":null,"serviceAccountEmail":null,"vpc":null,"platform":"gcfv2","labels":{},"httpsTrigger":{},"entryPoint":"api"}},"specVersion":"v1alpha1","requiredAPIs":[],"extensions":{}}
[info] +  functions: Loaded functions definitions from source: api. {"metadata":{"emulator":{"name":"functions"},"message":"Loaded functions definitions from source: api."}}
[info] +  functions[us-central1-api]: http function initialized (http://127.0.0.1:5001/foogle-612c9/us-central1/api). {"metadata":{"emulator":{"name":"functions"},"message":"\u001b[1mhttp\u001b[22m function initialized (http://127.0.0.1:5001/foogle-612c9/us-central1/api)."}}
[debug] [2025-03-17T23:36:54.808Z] Could not find VSCode notification endpoint: FetchError: request to http://localhost:40001/vscode/notify failed, reason: connect ECONNREFUSED ::1:40001. If you are not running the Firebase Data Connect VSCode extension, this is expected and not an issue.
[info] 
┌─────────────────────────────────────────────────────────────┐
│ ✔  All emulators ready! It is now safe to connect your app. │
│ i  View Emulator UI at http://127.0.0.1:4000/               │
└─────────────────────────────────────────────────────────────┘

┌───────────┬────────────────┬─────────────────────────────────┐
│ Emulator  │ Host:Port      │ View in Emulator UI             │
├───────────┼────────────────┼─────────────────────────────────┤
│ Functions │ 127.0.0.1:5001 │ http://127.0.0.1:4000/functions │
└───────────┴────────────────┴─────────────────────────────────┘
  Emulator Hub host: 127.0.0.1 port: 4400
  Other reserved ports: 4500

Issues? Report them at https://github.com/firebase/firebase-tools/issues and attach the *-debug.log files.
 
[debug] [2025-03-17T23:42:49.229Z] File C:\Users\quang\Documents\GitHub\Foogle-Discovery\foogle-discovery\functions\src\routers\Recipe.ts changed, reloading triggers {"metadata":{"emulator":{"name":"functions"},"message":"File C:\\Users\\quang\\Documents\\GitHub\\Foogle-Discovery\\foogle-discovery\\functions\\src\\routers\\Recipe.ts changed, reloading triggers"}}
[debug] [2025-03-17T23:42:50.231Z] Validating nodejs source
[debug] [2025-03-17T23:42:51.193Z] > [functions] package.json contents: {
  "name": "functions",
  "scripts": {
    "build": "tsc",
    "build:watch": "tsc --watch",
    "serve": "npm run build && firebase emulators:start --only functions",
    "shell": "npm run build && firebase functions:shell",
    "start": "npm run shell",
    "deploy": "firebase deploy --only functions",
    "logs": "firebase functions:log"
  },
  "engines": {
    "node": "18"
  },
  "main": "lib/index.js",
  "dependencies": {
    "@google-cloud/storage": "^7.15.2",
    "axios": "^1.6.0",
    "bcrypt": "^5.1.1",
    "cors": "^2.8.5",
    "dotenv": "^16.4.7",
    "express": "^4.18.2",
    "express-fileupload": "^1.5.1",
    "firebase-admin": "^12.6.0",
    "firebase-functions": "^6.0.1"
  },
  "devDependencies": {
    "@types/bcrypt": "^5.0.2",
    "@types/express-fileupload": "^1.5.1",
    "firebase-functions-test": "^3.1.0",
    "typescript": "^4.9.0"
  },
  "include": [
    "src/**/*.ts"
  ],
  "exclude": [
    "node_modules"
  ],
  "private": true
}
[debug] [2025-03-17T23:42:51.193Z] Building nodejs source
[debug] [2025-03-17T23:42:51.193Z] Failed to find version of module node: reached end of search path C:\Users\quang\Documents\GitHub\Foogle-Discovery\foogle-discovery\functions\node_modules
[info] +  functions: Using node@18 from host. 
[debug] [2025-03-17T23:42:51.195Z] Could not find functions.yaml. Must use http discovery
[debug] [2025-03-17T23:42:51.200Z] Found firebase-functions binary at 'C:\Users\quang\Documents\GitHub\Foogle-Discovery\foogle-discovery\functions\node_modules\.bin\firebase-functions'
[info] Serving at port 8077

[debug] [2025-03-17T23:42:52.071Z] Got response from /__/functions.yaml {"endpoints":{"api":{"availableMemoryMb":null,"timeoutSeconds":null,"minInstances":null,"maxInstances":null,"ingressSettings":null,"concurrency":null,"serviceAccountEmail":null,"vpc":null,"platform":"gcfv2","labels":{},"httpsTrigger":{},"entryPoint":"api"}},"specVersion":"v1alpha1","requiredAPIs":[],"extensions":{}}
[info] +  functions: Loaded functions definitions from source: api. {"metadata":{"emulator":{"name":"functions"},"message":"Loaded functions definitions from source: api."}}
[debug] [2025-03-18T00:02:58.452Z] File C:\Users\quang\Documents\GitHub\Foogle-Discovery\foogle-discovery\functions\src\routers\Recipe.ts changed, reloading triggers {"metadata":{"emulator":{"name":"functions"},"message":"File C:\\Users\\quang\\Documents\\GitHub\\Foogle-Discovery\\foogle-discovery\\functions\\src\\routers\\Recipe.ts changed, reloading triggers"}}
[debug] [2025-03-18T00:02:59.468Z] Validating nodejs source
[debug] [2025-03-18T00:03:00.484Z] > [functions] package.json contents: {
  "name": "functions",
  "scripts": {
    "build": "tsc",
    "build:watch": "tsc --watch",
    "serve": "npm run build && firebase emulators:start --only functions",
    "shell": "npm run build && firebase functions:shell",
    "start": "npm run shell",
    "deploy": "firebase deploy --only functions",
    "logs": "firebase functions:log"
  },
  "engines": {
    "node": "18"
  },
  "main": "lib/index.js",
  "dependencies": {
    "@google-cloud/storage": "^7.15.2",
    "axios": "^1.6.0",
    "bcrypt": "^5.1.1",
    "cors": "^2.8.5",
    "dotenv": "^16.4.7",
    "express": "^4.18.2",
    "express-fileupload": "^1.5.1",
    "firebase-admin": "^12.6.0",
    "firebase-functions": "^6.0.1"
  },
  "devDependencies": {
    "@types/bcrypt": "^5.0.2",
    "@types/express-fileupload": "^1.5.1",
    "firebase-functions-test": "^3.1.0",
    "typescript": "^4.9.0"
  },
  "include": [
    "src/**/*.ts"
  ],
  "exclude": [
    "node_modules"
  ],
  "private": true
}
[debug] [2025-03-18T00:03:00.485Z] Building nodejs source
[debug] [2025-03-18T00:03:00.485Z] Failed to find version of module node: reached end of search path C:\Users\quang\Documents\GitHub\Foogle-Discovery\foogle-discovery\functions\node_modules
[info] +  functions: Using node@18 from host. 
[debug] [2025-03-18T00:03:00.486Z] Could not find functions.yaml. Must use http discovery
[debug] [2025-03-18T00:03:00.491Z] Found firebase-functions binary at 'C:\Users\quang\Documents\GitHub\Foogle-Discovery\foogle-discovery\functions\node_modules\.bin\firebase-functions'
[info] Serving at port 8405

[debug] [2025-03-18T00:03:01.436Z] Got response from /__/functions.yaml {"endpoints":{"api":{"availableMemoryMb":null,"timeoutSeconds":null,"minInstances":null,"maxInstances":null,"ingressSettings":null,"concurrency":null,"serviceAccountEmail":null,"vpc":null,"platform":"gcfv2","labels":{},"httpsTrigger":{},"entryPoint":"api"}},"specVersion":"v1alpha1","requiredAPIs":[],"extensions":{}}
[info] +  functions: Loaded functions definitions from source: api. {"metadata":{"emulator":{"name":"functions"},"message":"Loaded functions definitions from source: api."}}
